ESP-ROM:esp32s3-20210327
Build:Mar 27 2021
rst:0x1 (POWERON),boot:0x8 (SPI_FAST_FLASH_BOOT)
SPIWP:0xee
mode:DIO, clock div:1
load:0x3fce3818,len:0x1758
load:0x403c9700,len:0x4
load:0x403c9704,len:0xc00
load:0x403cc700,len:0x2e04
entry 0x403c9908
I (27) boot: ESP-IDF v5.1.2-dirty 2nd stage bootloader
I (27) boot: compile time Feb 18 2024 13:44:37
I (27) boot: Multicore bootloader
I (30) boot: chip revision: v0.2
I (34) boot.esp32s3: Boot SPI Speed : 80MHz
I (39) boot.esp32s3: SPI Mode       : DIO
I (44) boot.esp32s3: SPI Flash Size : 8MB
I (48) boot: Enabling RNG early entropy source...
I (54) boot: Partition Table:
I (57) boot: ## Label            Usage          Type ST Offset   Length
I (65) boot:  0 nvs              WiFi data        01 02 00009000 00006000
I (72) boot:  1 phy_init         RF data          01 01 0000f000 00001000
I (80) boot:  2 factory          factory app      00 00 00010000 00100000
I (87) boot: End of partition table
I (91) esp_image: segment 0: paddr=00010020 vaddr=3c0a0020 size=26074h (155764) map
I (128) esp_image: segment 1: paddr=0003609c vaddr=3fc96f00 size=0457ch ( 17788) load
I (132) esp_image: segment 2: paddr=0003a620 vaddr=40374000 size=059f8h ( 23032) load
I (139) esp_image: segment 3: paddr=00040020 vaddr=42000020 size=963d4h (615380) map
I (252) esp_image: segment 4: paddr=000d63fc vaddr=403799f8 size=0d44ch ( 54348) load
I (273) boot: Loaded app from partition at offset 0x10000
I (273) boot: Disabling RNG early entropy source...
I (284) cpu_start: Multicore app
I (284) cpu_start: Pro cpu up.
I (285) cpu_start: Starting app cpu, entry point is 0x403754cc
I (0) cpu_start: App cpu up.
I (303) cpu_start: Pro cpu start user code
I (303) cpu_start: cpu freq: 160000000 Hz
I (303) cpu_start: Application information:
I (306) cpu_start: Project name:     ESP_S3_project
I (311) cpu_start: App version:      1
I (316) cpu_start: Compile time:     Apr  7 2024 23:26:12
I (322) cpu_start: ELF file SHA256:  42bee6f29ccf4972...
I (328) cpu_start: ESP-IDF:          v5.1.2-dirty
I (333) cpu_start: Min chip rev:     v0.0
I (338) cpu_start: Max chip rev:     v0.99 
I (343) cpu_start: Chip rev:         v0.2
I (348) heap_init: Initializing. RAM available for dynamic allocation:
I (355) heap_init: At 3FC9F4F0 len 0004A220 (296 KiB): DRAM
I (361) heap_init: At 3FCE9710 len 00005724 (21 KiB): STACK/DRAM
I (368) heap_init: At 3FCF0000 len 00008000 (32 KiB): DRAM
I (374) heap_init: At 600FE010 len 00001FD8 (7 KiB): RTCRAM
I (381) spi_flash: detected chip: gd
I (384) spi_flash: flash io: dio
I (389) sleep: Configure to isolate all GPIO pins in sleep state
I (395) sleep: Enable automatic switching of GPIO sleep configuration
I (402) app_start: Starting scheduler on CPU0
I (407) app_start: Starting scheduler on CPU1
I (407) main_task: Started on CPU0
I (417) main_task: Calling app_main()
I (417) USER_app: ESP-IDF version: v5.1.2-dirty
I (427) USER_app: Minimum free heap size: 344648 bytes
I (427) gpio: GPIO[5]| InputEn: 1| OutputEn: 0| OpenDrain: 0| Pullup: 0| Pulldown: 1| Intr:2 
I (437) USER_timer: Timer structture init ...
I (447) USER_timer: Timer create ...
I (447) USER_timer: Timer start ...
I (477) pp: pp rom version: e7ae62f
I (477) net80211: net80211 rom version: e7ae62f
I (487) wifi:wifi driver task: 3fcaa388, prio:23, stack:6656, core=0
I (497) wifi:wifi firmware version: 91b9630
I (497) wifi:wifi certification version: v7.0
I (497) wifi:config NVS flash: enabled
I (497) wifi:config nano formating: disabled
I (507) wifi:Init data frame dynamic rx buffer num: 32
I (507) wifi:Init static rx mgmt buffer num: 5
I (507) wifi:Init management short buffer num: 32
I (517) wifi:Init dynamic tx buffer num: 32
I (517) wifi:Init static tx FG buffer num: 2
I (527) wifi:Init static rx buffer size: 1600
I (527) wifi:Init static rx buffer num: 10
I (527) wifi:Init dynamic rx buffer num: 32
I (537) wifi_init: rx ba win: 6
I (537) wifi_init: tcpip mbox: 32
I (547) wifi_init: udp mbox: 6
I (547) wifi_init: tcp mbox: 6
I (547) wifi_init: tcp tx win: 5744
I (557) wifi_init: tcp rx win: 5744
I (557) wifi_init: tcp mss: 1440
I (567) wifi_init: WiFi IRAM OP enabled
I (567) wifi_init: WiFi RX IRAM OP enabled
I (577) phy_init: phy_version 620,ec7ec30,Sep  5 2023,13:49:13
I (617) wifi:mode : sta (dc:da:0c:4b:32:28)
I (617) wifi:enable tsf
I (617) My_wifi_STA: WIFI_EVENT_STA_START
I (3117) My_wifi_STA: wifi scan done
I (3127) wifi:new:<6,0>, old:<1,0>, ap:<255,255>, sta:<6,0>, prof:1
I (3127) wifi:state: init -> auth (b0)
I (3137) wifi:state: auth -> assoc (0)
I (3147) wifi:state: assoc -> run (10)
I (3147) wifi:connected with Ping, aid = 1, channel 6, BW20, bssid = d4:da:21:b7:91:24
I (3147) wifi:security: Open Auth, phy: bgn, rssi: -37
I (3157) wifi:pm start, type: 1

I (3157) wifi:set rx beacon pti, rx_bcn_pti: 0, bcn_timeout: 25000, mt_pti: 0, mt_time: 10000
I (3167) My_wifi_STA: WIFI_EVENT_STA_CONNECTED ! ! !
I (3167) wifi:<ba-add>idx:0 (ifx:0, d4:da:21:b7:91:24), tid:6, ssn:0, winSize:64
I (3187) wifi:AP's beacon interval = 102400 us, DTIM period = 1
I (4667) esp_netif_handlers: sta ip: 192.168.31.196, mask: 255.255.255.0, gw: 192.168.31.1
I (4667) My_wifi_STA: got ip:192.168.31.196
I (4667) My_wifi_STA: connected to ap SSID:Ping password:, bitmap:7
I (4677) My_wifi_STA: updating time from NVS
I (4677) My_wifi_STA: start https_request example
I (4677) main_task: Returned from app_main()
I (4687) My_wifi_STA: Minimum free heap size: 280940 bytes
I (4697) My_wifi_STA: https_request using cacert_buf
I (4707) wifi:<ba-add>idx:1 (ifx:0, d4:da:21:b7:91:24), tid:0, ssn:0, winSize:64
E (4947) esp-tls-mbedtls: mbedtls_ssl_handshake returned -0x2700
I (4947) esp-tls-mbedtls: Failed to verify peer certificate!
E (4947) esp-tls: Failed to open new connection
E (4957) My_wifi_STA: connection failed...
I (4957) My_wifi_STA: 10...
I (5967) My_wifi_STA: 9...
I (6967) My_wifi_STA: 8...
I (7967) My_wifi_STA: 7...
I (8967) My_wifi_STA: 6...
I (9967) My_wifi_STA: 5...
I (10967) My_wifi_STA: 4...
I (11967) My_wifi_STA: 3...
I (12967) My_wifi_STA: 2...
I (13967) My_wifi_STA: 1...
I (14967) My_wifi_STA: 0...
I (15967) My_wifi_STA: https_request using global ca_store
E (16287) esp-tls-mbedtls: mbedtls_ssl_handshake returned -0x2700
I (16287) esp-tls-mbedtls: Failed to verify peer certificate!
E (16297) esp-tls: Failed to open new connection
E (16297) My_wifi_STA: connection failed...
I (16307) My_wifi_STA: 10...
I (17307) My_wifi_STA: 9...
I (18307) My_wifi_STA: 8...
I (19307) My_wifi_STA: 7...
I (20307) My_wifi_STA: 6...
I (21307) My_wifi_STA: 5...
I (22307) My_wifi_STA: 4...
I (23307) My_wifi_STA: 3...
I (24307) My_wifi_STA: 2...
I (25307) My_wifi_STA: 1...
I (26307) My_wifi_STA: 0...
I (27307) My_wifi_STA: finish https_request example
I (27307) My_wifi_STA: NVSerr:0, NVSstatus:0
ESP-ROM:esp32s3-20210327
Build:Mar 27 2021
rst:0x1 (POWERON),boot:0x0 (DOWNLOAD(USB/UART0))
waiting for download
