ESP-ROM:esp32s3-20210327
Build:Mar 27 2021
rst:0x1 (POWERON),boot:0x8 (SPI_FAST_FLASH_BOOT)
SPIWP:0xee
mode:DIO, clock div:1
load:0x3fce3818,len:0x1758
load:0x403c9700,len:0x4
load:0x403c9704,len:0xc00
load:0x403cc700,len:0x2e04
entry 0x403c9908
I (27) boot: ESP-IDF v5.1.2-dirty 2nd stage bootloader
I (27) boot: compile time Feb  8 2024 01:59:38
I (27) boot: Multicore bootloader
I (30) boot: chip revision: v0.2
I (34) boot.esp32s3: Boot SPI Speed : 80MHz
I (39) boot.esp32s3: SPI Mode       : DIO
I (44) boot.esp32s3: SPI Flash Size : 2MB
I (48) boot: Enabling RNG early entropy source...
I (54) boot: Partition Table:
I (57) boot: ## Label            Usage          Type ST Offset   Length
I (65) boot:  0 nvs              WiFi data        01 02 00009000 00006000
I (72) boot:  1 phy_init         RF data          01 01 0000f000 00001000
I (80) boot:  2 factory          factory app      00 00 00010000 00100000
I (87) boot: End of partition table
I (91) esp_image: segment 0: paddr=00010020 vaddr=3c020020 size=0a0f0h ( 41200) map
I (107) esp_image: segment 1: paddr=0001a118 vaddr=3fc91400 size=0287ch ( 10364) load
I (110) esp_image: segment 2: paddr=0001c99c vaddr=40374000 size=0367ch ( 13948) load
I (120) esp_image: segment 3: paddr=00020020 vaddr=42000020 size=186bch (100028) map
I (143) esp_image: segment 4: paddr=000386e4 vaddr=4037767c size=09d08h ( 40200) load
I (158) boot: Loaded app from partition at offset 0x10000
I (158) boot: Disabling RNG early entropy source...
I (169) cpu_start: Multicore app[0m
I (170) cpu_start: Pro cpu up.
I (170) cpu_start: Starting app cpu, entry point is 0x40375264
I (0) cpu_start: App cpu up.
I (188) cpu_start: Pro cpu start user code
I (188) cpu_start: cpu freq: 160000000 Hz
I (188) cpu_start: Application information:
I (191) cpu_start: Project name:     ESP_S3_project
I (196) cpu_start: App version:      1
I (201) cpu_start: Compile time:     Feb  8 2024 01:59:21
I (207) cpu_start: ELF file SHA256:  c968e5a833a2b5e1...
I (213) cpu_start: ESP-IDF:          v5.1.2-dirty
I (218) cpu_start: Min chip rev:     v0.0
I (223) cpu_start: Max chip rev:     v0.99 
I (228) cpu_start: Chip rev:         v0.2
I (233) heap_init: Initializing. RAM available for dynamic allocation:
I (240) heap_init: At 3FC944D8 len 00055238 (340 KiB): DRAM
I (246) heap_init: At 3FCE9710 len 00005724 (21 KiB): STACK/DRAM
I (253) heap_init: At 3FCF0000 len 00008000 (32 KiB): DRAM
I (259) heap_init: At 600FE010 len 00001FD8 (7 KiB): RTCRAM
I (266) spi_flash: detected chip: gd
I (269) spi_flash: flash io: dio
W (273) spi_flash: Detected size(8192k) larger than the size in the binary image header(2048k). Using the size in the binary image header.
I (287) sleep: Configure to isolate all GPIO pins in sleep state
I (293) sleep: Enable automatic switching of GPIO sleep configuration
I (301) app_start: Starting scheduler on CPU0
I (305) app_start: Starting scheduler on CPU1
I (305) main_task: Started on CPU0
I (315) main_task: Calling app_main()
I (315) Info: Example configured to blink GPIO LED!
I (325) gpio: GPIO[5]| InputEn: 0| OutputEn: 0| OpenDrain: 0| Pullup: 1| Pulldown: 0| Intr:0 
I (1335) Info: MY log ! 0
I (2335) Info: MY log ! 1
I (3335) Info: MY log ! 2
I (4335) Info: MY log ! 3


I (6922345) Info: GPIO 5 is low
I (6923345) Info: MY log ! 6922
I (6923345) Info: GPIO 5 is low

/* ËøõÂÖ•ÁÉßÂΩïÊ®°Âºè */
ESP-ROM:esp32s3-20210327
Build:Mar 27 2021
rst:0x1 (POWERON),boot:0x0 (DOWNLOAD(USB/UART0))
waiting for download


