ESP-ROM:esp32s3-20210327
Build:Mar 27 2021
rst:0x1 (POWERON),boot:0x28 (SPI_FAST_FLASH_BOOT)
SPIWP:0xee
mode:DIO, clock div:1
load:0x3fce3818,len:0x1758
load:0x403c9700,len:0x4
load:0x403c9704,len:0xc00
load:0x403cc700,len:0x2e04
entry 0x403c9908
I (27) boot: ESP-IDF v5.1.2-dirty 2nd stage bootloader
I (27) boot: compile time Feb 18 2024 13:44:37
I (27) boot: Multicore bootloader
I (30) boot: chip revision: v0.2
I (34) boot.esp32s3: Boot SPI Speed : 80MHz
I (39) boot.esp32s3: SPI Mode       : DIO
I (44) boot.esp32s3: SPI Flash Size : 8MB
I (49) boot: Enabling RNG early entropy source...
I (54) boot: Partition Table:
I (57) boot: ## Label            Usage          Type ST Offset   Length
I (65) boot:  0 nvs              WiFi data        01 02 00009000 00006000
I (72) boot:  1 phy_init         RF data          01 01 0000f000 00001000
I (80) boot:  2 factory          factory app      00 00 00010000 00100000
I (87) boot: End of partition table
I (91) esp_image: segment 0: paddr=00010020 vaddr=3c080020 size=205e8h (132584) map
I (124) esp_image: segment 1: paddr=00030610 vaddr=3fc96e00 size=0451ch ( 17692) load
I (128) esp_image: segment 2: paddr=00034b34 vaddr=40374000 size=0b4e4h ( 46308) load
I (140) esp_image: segment 3: paddr=00040020 vaddr=42000020 size=7ff14h (524052) map
I (234) esp_image: segment 4: paddr=000bff3c vaddr=4037f4e4 size=07898h ( 30872) load
I (249) boot: Loaded app from partition at offset 0x10000
I (249) boot: Disabling RNG early entropy source...
I (261) cpu_start: Multicore app
I (261) cpu_start: Pro cpu up.
I (261) cpu_start: Starting app cpu, entry point is 0x403754b4
I (0) cpu_start: App cpu up.
I (279) cpu_start: Pro cpu start user code
I (279) cpu_start: cpu freq: 160000000 Hz
I (279) cpu_start: Application information:
I (282) cpu_start: Project name:     ESP_S3_project
I (288) cpu_start: App version:      1
I (292) cpu_start: Compile time:     Feb 18 2024 13:44:22
I (298) cpu_start: ELF file SHA256:  7ee59e0054607f64...
I (304) cpu_start: ESP-IDF:          v5.1.2-dirty
I (310) cpu_start: Min chip rev:     v0.0
I (314) cpu_start: Max chip rev:     v0.99 
I (319) cpu_start: Chip rev:         v0.2
I (324) heap_init: Initializing. RAM available for dynamic allocation:
I (331) heap_init: At 3FC9ECC8 len 0004AA48 (298 KiB): DRAM
I (337) heap_init: At 3FCE9710 len 00005724 (21 KiB): STACK/DRAM
I (344) heap_init: At 3FCF0000 len 00008000 (32 KiB): DRAM
I (350) heap_init: At 600FE010 len 00001FD8 (7 KiB): RTCRAM
I (358) spi_flash: detected chip: gd
I (361) spi_flash: flash io: dio
I (365) sleep: Configure to isolate all GPIO pins in sleep state
I (372) sleep: Enable automatic switching of GPIO sleep configuration
I (379) app_start: Starting scheduler on CPU0
I (384) app_start: Starting scheduler on CPU1
I (384) main_task: Started on CPU0
I (394) main_task: Calling app_main()
I (394) gpio: GPIO[5]| InputEn: 1| OutputEn: 0| OpenDrain: 0| Pullup: 0| Pulldown: 1| Intr:2 
I (404) USER_timer: Timer structture init ...
I (414) USER_timer: Timer create ...
I (414) USER_timer: Timer start ...
I (424) USER_app: Example configured to blink GPIO LED!
I (454) pp: pp rom version: e7ae62f
I (454) net80211: net80211 rom version: e7ae62f
I (464) wifi:wifi driver task: 3fcaa408, prio:23, stack:6656, core=0
I (474) wifi:wifi firmware version: 91b9630
I (474) wifi:wifi certification version: v7.0
I (474) wifi:config NVS flash: enabled
I (474) wifi:config nano formating: disabled
I (474) wifi:Init data frame dynamic rx buffer num: 32
I (484) wifi:Init static rx mgmt buffer num: 5
I (484) wifi:Init management short buffer num: 32
I (494) wifi:Init dynamic tx buffer num: 32
I (494) wifi:Init static tx FG buffer num: 2
I (494) wifi:Init static rx buffer size: 1600
I (504) wifi:Init static rx buffer num: 10
I (504) wifi:Init dynamic rx buffer num: 32
I (514) wifi_init: rx ba win: 6
I (514) wifi_init: tcpip mbox: 32
I (514) wifi_init: udp mbox: 6
I (524) wifi_init: tcp mbox: 6
I (524) wifi_init: tcp tx win: 5744
I (534) wifi_init: tcp rx win: 5744
I (534) wifi_init: tcp mss: 1440
I (534) wifi_init: WiFi IRAM OP enabled
I (544) wifi_init: WiFi RX IRAM OP enabled
I (554) phy_init: phy_version 620,ec7ec30,Sep  5 2023,13:49:13
I (594) wifi:mode : sta (dc:da:0c:4b:32:28)
I (594) wifi:enable tsf
I (594) My_wifi_station: WIFI_EVENT_STA_START
I (614) wifi:new:<6,0>, old:<1,0>, ap:<255,255>, sta:<6,0>, prof:1
I (614) wifi:state: init -> auth (b0)
I (624) wifi:state: auth -> assoc (0)
I (634) wifi:state: assoc -> run (10)
I (634) wifi:connected with Ping, aid = 2, channel 6, BW20, bssid = d4:da:21:b7:91:24
I (634) wifi:security: Open Auth, phy: bgn, rssi: -43
I (644) wifi:pm start, type: 1

I (644) wifi:set rx beacon pti, rx_bcn_pti: 0, bcn_timeout: 25000, mt_pti: 0, mt_time: 10000
I (654) wifi:<ba-add>idx:0 (ifx:0, d4:da:21:b7:91:24), tid:6, ssn:0, winSize:64
I (684) wifi:AP's beacon interval = 102400 us, DTIM period = 1
I (1414) USER_app: Minimum free heap size: 289068 bytes
sizeof(int)4, sizeof(long)8, start_time:1416219
I (1414) USER_app: 'My_main_task' MY log ... 103   led: 0

I (1424) USER_app: GPIO 5 is low
I (2154) esp_netif_handlers: sta ip: 192.168.31.196, mask: 255.255.255.0, gw: 192.168.31.1
I (2154) My_wifi_station: got ip:192.168.31.196
I (2154) My_wifi_station: connected to ap SSID:Ping password:
I (2164) USER_app: ESP-IDF version: v5.1.2-dirty
I (2164) main_task: Returned from app_main()
I (2414) USER_app: Minimum free heap size: 289068 bytes
sizeof(int)4, sizeof(long)8, start_time:2416219
I (2414) USER_app: 'My_main_task' MY log ... 203   led: 0

I (2424) USER_app: GPIO 5 is low
I (3414) USER_app: Minimum free heap size: 289068 bytes
sizeof(int)4, sizeof(long)8, start_time:3416219
I (3414) USER_app: 'My_main_task' MY log ... 303   led: 0

I (3424) USER_app: GPIO 5 is low
I (4414) USER_app: Minimum free heap size: 289068 bytes
sizeof(int)4, sizeof(long)8, start_time:4416219
I (4414) USER_app: 'My_main_task' MY log ... 403   led: 0

I (4424) USER_app: GPIO 5 is low
